Command line invocation:
    /Applications/Xcode.app/Contents/Developer/usr/bin/xcodebuild test -scheme TinyTastesTracker -destination "platform=iOS Simulator,name=iPhone 15,OS=latest"

Resolve Package Graph


Resolved source packages:
  generative-ai-swift: https://github.com/google/generative-ai-swift @ 0.5.6

2026-01-13 20:46:15.888 xcodebuild[82314:19211110] [MT] IDERunDestination: Supported platforms for the buildables in the current scheme is empty.
2026-01-13 20:47:15.941 xcodebuild[82314:19211110] Writing error result bundle to /var/folders/3s/m06tvg_n2kz9mk6n8c6hks0c0000gn/T/ResultBundle_2026-13-01_20-47-0015.xcresult
xcodebuild: error: Unable to find a device matching the provided destination specifier:
		{ platform:iOS Simulator, OS:latest, name:iPhone 15 }

	The requested device could not be found because no available devices matched the request.

	Available destinations for the "TinyTastesTracker" scheme:
		{ platform:macOS, arch:arm64, variant:Designed for [iPad,iPhone], id:00006021-0012318E14F0C01E, name:My Mac }
		{ platform:iOS, arch:arm64, id:00008150-000931500A80401C, name:Sean’s iPhone }
		{ platform:iOS, id:dvtdevice-DVTiPhonePlaceholder-iphoneos:placeholder, name:Any iOS Device }
		{ platform:iOS Simulator, id:dvtdevice-DVTiOSDeviceSimulatorPlaceholder-iphonesimulator:placeholder, name:Any iOS Simulator Device }
		{ platform:iOS Simulator, arch:arm64, id:A49EB264-6044-45E4-8577-A39E06A4D6AE, OS:17.0.1, name:Rocket iPhone 14 Pro }
		{ platform:iOS Simulator, arch:x86_64, id:A49EB264-6044-45E4-8577-A39E06A4D6AE, OS:17.0.1, name:Rocket iPhone 14 Pro }
		{ platform:iOS Simulator, arch:arm64, id:E8FCCC1B-8CEE-490F-A451-81B8000A0067, OS:17.0.1, name:iPad (10th generation) }
		{ platform:iOS Simulator, arch:x86_64, id:E8FCCC1B-8CEE-490F-A451-81B8000A0067, OS:17.0.1, name:iPad (10th generation) }
		{ platform:iOS Simulator, arch:arm64, id:7E1C0308-C20B-44B0-94AB-F1949ACE7816, OS:17.5, name:iPad (10th generation) }
		{ platform:iOS Simulator, arch:x86_64, id:7E1C0308-C20B-44B0-94AB-F1949ACE7816, OS:17.5, name:iPad (10th generation) }
		{ platform:iOS Simulator, arch:arm64, id:977C5EB3-3191-4853-92A0-8EFD072DD9A7, OS:18.5, name:iPad (A16) }
		{ platform:iOS Simulator, arch:x86_64, id:977C5EB3-3191-4853-92A0-8EFD072DD9A7, OS:18.5, name:iPad (A16) }
		{ platform:iOS Simulator, arch:arm64, id:4E8A2281-C312-47D8-87E3-19E7F65FF5A3, OS:26.2, name:iPad (A16) }
		{ platform:iOS Simulator, arch:arm64, id:76F237F9-61A9-4286-B53E-95D3AE76CB39, OS:17.0.1, name:iPad Air (5th generation) }
		{ platform:iOS Simulator, arch:x86_64, id:76F237F9-61A9-4286-B53E-95D3AE76CB39, OS:17.0.1, name:iPad Air (5th generation) }
		{ platform:iOS Simulator, arch:arm64, id:0C104410-A76C-4122-A6E0-B4F0917C2E33, OS:17.5, name:iPad Air 11-inch (M2) }
		{ platform:iOS Simulator, arch:x86_64, id:0C104410-A76C-4122-A6E0-B4F0917C2E33, OS:17.5, name:iPad Air 11-inch (M2) }
		{ platform:iOS Simulator, arch:arm64, id:3BF7495D-EE22-4497-B39A-3C2B8F400381, OS:18.5, name:iPad Air 11-inch (M3) }
		{ platform:iOS Simulator, arch:x86_64, id:3BF7495D-EE22-4497-B39A-3C2B8F400381, OS:18.5, name:iPad Air 11-inch (M3) }
		{ platform:iOS Simulator, arch:arm64, id:E043B00A-36DF-4394-AF9C-FA5FA95D8CB7, OS:26.2, name:iPad Air 11-inch (M3) }
		{ platform:iOS Simulator, arch:arm64, id:4C37AB2C-035E-47E5-AF79-6664B74EDC50, OS:17.5, name:iPad Air 13-inch (M2) }
		{ platform:iOS Simulator, arch:x86_64, id:4C37AB2C-035E-47E5-AF79-6664B74EDC50, OS:17.5, name:iPad Air 13-inch (M2) }
		{ platform:iOS Simulator, arch:arm64, id:CA6AD351-6B88-42A1-8487-FC32D721F6EB, OS:18.5, name:iPad Air 13-inch (M3) }
		{ platform:iOS Simulator, arch:x86_64, id:CA6AD351-6B88-42A1-8487-FC32D721F6EB, OS:18.5, name:iPad Air 13-inch (M3) }
		{ platform:iOS Simulator, arch:arm64, id:41D9E918-8F91-4BBF-A778-685793A1356B, OS:26.2, name:iPad Air 13-inch (M3) }
		{ platform:iOS Simulator, arch:arm64, id:2A072085-0F3E-402C-A42F-FFFCEBE046CD, OS:17.0.1, name:iPad Pro (11-inch) (4th generation) }
		{ platform:iOS Simulator, arch:x86_64, id:2A072085-0F3E-402C-A42F-FFFCEBE046CD, OS:17.0.1, name:iPad Pro (11-inch) (4th generation) }
		{ platform:iOS Simulator, arch:arm64, id:8B7EBFF2-FA17-4487-8CFA-2E5333279891, OS:17.0.1, name:iPad Pro (12.9-inch) (6th generation) }
		{ platform:iOS Simulator, arch:x86_64, id:8B7EBFF2-FA17-4487-8CFA-2E5333279891, OS:17.0.1, name:iPad Pro (12.9-inch) (6th generation) }
		{ platform:iOS Simulator, arch:arm64, id:D440E17F-1892-4F8D-A9DE-1733B7E591EF, OS:17.5, name:iPad Pro 11-inch (M4) }
		{ platform:iOS Simulator, arch:x86_64, id:D440E17F-1892-4F8D-A9DE-1733B7E591EF, OS:17.5, name:iPad Pro 11-inch (M4) }
		{ platform:iOS Simulator, arch:arm64, id:04985DBC-2339-4E1A-87F1-81E8AAED03DC, OS:18.5, name:iPad Pro 11-inch (M4) }
		{ platform:iOS Simulator, arch:x86_64, id:04985DBC-2339-4E1A-87F1-81E8AAED03DC, OS:18.5, name:iPad Pro 11-inch (M4) }
		{ platform:iOS Simulator, arch:arm64, id:EF5B6A40-452B-4864-8A86-8CBFC83F6E45, OS:26.2, name:iPad Pro 11-inch (M5) }
		{ platform:iOS Simulator, arch:arm64, id:CC32466A-8811-4EC1-ADA4-0ACA6B262A5A, OS:17.5, name:iPad Pro 13-inch (M4) }
		{ platform:iOS Simulator, arch:x86_64, id:CC32466A-8811-4EC1-ADA4-0ACA6B262A5A, OS:17.5, name:iPad Pro 13-inch (M4) }
		{ platform:iOS Simulator, arch:arm64, id:12FAC842-B2B7-4A1E-A0E9-B72604B22133, OS:18.5, name:iPad Pro 13-inch (M4) }
		{ platform:iOS Simulator, arch:x86_64, id:12FAC842-B2B7-4A1E-A0E9-B72604B22133, OS:18.5, name:iPad Pro 13-inch (M4) }
		{ platform:iOS Simulator, arch:arm64, id:02299F04-805D-4F09-94A6-DF8414654AF7, OS:26.2, name:iPad Pro 13-inch (M5) }
		{ platform:iOS Simulator, arch:arm64, id:D89F54D9-9796-4E85-92D6-E14EAAFA197C, OS:17.0.1, name:iPad mini (6th generation) }
		{ platform:iOS Simulator, arch:x86_64, id:D89F54D9-9796-4E85-92D6-E14EAAFA197C, OS:17.0.1, name:iPad mini (6th generation) }
		{ platform:iOS Simulator, arch:arm64, id:C8BECBD1-7585-49F8-ADB9-10CA6B8CB370, OS:17.5, name:iPad mini (6th generation) }
		{ platform:iOS Simulator, arch:x86_64, id:C8BECBD1-7585-49F8-ADB9-10CA6B8CB370, OS:17.5, name:iPad mini (6th generation) }
		{ platform:iOS Simulator, arch:arm64, id:D1963034-2489-4CA3-AB6B-886EC1A8D7DB, OS:18.5, name:iPad mini (A17 Pro) }
		{ platform:iOS Simulator, arch:x86_64, id:D1963034-2489-4CA3-AB6B-886EC1A8D7DB, OS:18.5, name:iPad mini (A17 Pro) }
		{ platform:iOS Simulator, arch:arm64, id:0686D289-94B3-47C1-9094-FDE0AB852530, OS:26.2, name:iPad mini (A17 Pro) }
		{ platform:iOS Simulator, arch:arm64, id:586C67F9-C308-4531-A37A-9A9B18A9A1CB, OS:17.0.1, name:iPhone 14 }
		{ platform:iOS Simulator, arch:x86_64, id:586C67F9-C308-4531-A37A-9A9B18A9A1CB, OS:17.0.1, name:iPhone 14 }
		{ platform:iOS Simulator, arch:arm64, id:1841EF07-458F-40CD-8B0A-2D28F8C369C9, OS:17.0.1, name:iPhone 15 }
		{ platform:iOS Simulator, arch:x86_64, id:1841EF07-458F-40CD-8B0A-2D28F8C369C9, OS:17.0.1, name:iPhone 15 }
		{ platform:iOS Simulator, arch:arm64, id:57B118BD-D785-49ED-878E-4EB5C282ED4B, OS:17.0.1, name:iPhone 15 }
		{ platform:iOS Simulator, arch:x86_64, id:57B118BD-D785-49ED-878E-4EB5C282ED4B, OS:17.0.1, name:iPhone 15 }
		{ platform:iOS Simulator, arch:arm64, id:CDD94F13-1788-44B5-98B2-16EC710F3E37, OS:17.5, name:iPhone 15 }
		{ platform:iOS Simulator, arch:x86_64, id:CDD94F13-1788-44B5-98B2-16EC710F3E37, OS:17.5, name:iPhone 15 }
		{ platform:iOS Simulator, arch:arm64, id:5A1194D2-87E0-47E0-BCFF-571A96A74D17, OS:17.0.1, name:iPhone 15 Plus }
		{ platform:iOS Simulator, arch:x86_64, id:5A1194D2-87E0-47E0-BCFF-571A96A74D17, OS:17.0.1, name:iPhone 15 Plus }
		{ platform:iOS Simulator, arch:arm64, id:9A3E1529-F21A-45EA-B281-5E352CE50043, OS:17.5, name:iPhone 15 Plus }
		{ platform:iOS Simulator, arch:x86_64, id:9A3E1529-F21A-45EA-B281-5E352CE50043, OS:17.5, name:iPhone 15 Plus }
		{ platform:iOS Simulator, arch:arm64, id:AA7E4318-0C71-4DA3-A436-DA0B887F8014, OS:17.0.1, name:iPhone 15 Pro }
		{ platform:iOS Simulator, arch:x86_64, id:AA7E4318-0C71-4DA3-A436-DA0B887F8014, OS:17.0.1, name:iPhone 15 Pro }
		{ platform:iOS Simulator, arch:arm64, id:2DE518AB-341D-4A38-8FA8-5EEAD4A7ABCB, OS:17.5, name:iPhone 15 Pro }
		{ platform:iOS Simulator, arch:x86_64, id:2DE518AB-341D-4A38-8FA8-5EEAD4A7ABCB, OS:17.5, name:iPhone 15 Pro }
		{ platform:iOS Simulator, arch:arm64, id:23B0D2FD-EE78-46C6-8788-920997BB4C4D, OS:17.0.1, name:iPhone 15 Pro Max }
		{ platform:iOS Simulator, arch:x86_64, id:23B0D2FD-EE78-46C6-8788-920997BB4C4D, OS:17.0.1, name:iPhone 15 Pro Max }
		{ platform:iOS Simulator, arch:arm64, id:A1436EE4-1D30-4CD3-A983-F52DF71AAA25, OS:17.5, name:iPhone 15 Pro Max }
		{ platform:iOS Simulator, arch:x86_64, id:A1436EE4-1D30-4CD3-A983-F52DF71AAA25, OS:17.5, name:iPhone 15 Pro Max }
		{ platform:iOS Simulator, arch:arm64, id:721BB98F-42F6-4C84-9866-CC10BC78CC09, OS:18.5, name:iPhone 16 }
		{ platform:iOS Simulator, arch:x86_64, id:721BB98F-42F6-4C84-9866-CC10BC78CC09, OS:18.5, name:iPhone 16 }
		{ platform:iOS Simulator, arch:arm64, id:9074FA49-9B1B-4991-BD04-A81254C66D3F, OS:18.5, name:iPhone 16 Plus }
		{ platform:iOS Simulator, arch:x86_64, id:9074FA49-9B1B-4991-BD04-A81254C66D3F, OS:18.5, name:iPhone 16 Plus }
		{ platform:iOS Simulator, arch:arm64, id:B67619FD-417C-4EAD-A3E5-28234EB254E4, OS:18.5, name:iPhone 16 Pro }
		{ platform:iOS Simulator, arch:x86_64, id:B67619FD-417C-4EAD-A3E5-28234EB254E4, OS:18.5, name:iPhone 16 Pro }
		{ platform:iOS Simulator, arch:arm64, id:C9CDAD2F-1CCE-43DB-B1DF-254732D468A3, OS:18.5, name:iPhone 16 Pro Max }
		{ platform:iOS Simulator, arch:x86_64, id:C9CDAD2F-1CCE-43DB-B1DF-254732D468A3, OS:18.5, name:iPhone 16 Pro Max }
		{ platform:iOS Simulator, arch:arm64, id:8A6AEB63-8212-4584-94D2-BC95569BC8BA, OS:18.5, name:iPhone 16e }
		{ platform:iOS Simulator, arch:x86_64, id:8A6AEB63-8212-4584-94D2-BC95569BC8BA, OS:18.5, name:iPhone 16e }
		{ platform:iOS Simulator, arch:arm64, id:8809F55A-961F-4B18-AFD7-E6F3C4B92833, OS:26.2, name:iPhone 16e }
		{ platform:iOS Simulator, arch:arm64, id:131C8109-6AC5-41E2-AFEA-39DBEB396B4F, OS:26.2, name:iPhone 17 }
		{ platform:iOS Simulator, arch:arm64, id:063484CA-6CF6-458D-B12C-836BB820E0F3, OS:26.2, name:iPhone 17 Pro }
		{ platform:iOS Simulator, arch:arm64, id:42112C6F-5280-49B6-B46E-413A1D6C0980, OS:26.2, name:iPhone 17 Pro Max }
		{ platform:iOS Simulator, arch:arm64, id:DB5C0432-2469-408F-9CBA-519D085540DE, OS:26.2, name:iPhone Air }
		{ platform:iOS Simulator, arch:arm64, id:CA5F7A5B-E34C-4538-A0E0-5E8361B36C5F, OS:17.0.1, name:iPhone SE (3rd generation) }
		{ platform:iOS Simulator, arch:x86_64, id:CA5F7A5B-E34C-4538-A0E0-5E8361B36C5F, OS:17.0.1, name:iPhone SE (3rd generation) }
		{ platform:iOS Simulator, arch:arm64, id:B4BE06BC-9666-4CF4-97E8-704906B3AF94, OS:17.5, name:iPhone SE (3rd generation) }
		{ platform:iOS Simulator, arch:x86_64, id:B4BE06BC-9666-4CF4-97E8-704906B3AF94, OS:17.5, name:iPhone SE (3rd generation) }
		{ platform:iOS Simulator, arch:arm64, id:453BD086-164E-4ACD-8247-83F49A0AF1AE, OS:17.0.1, name:iphone14-0-ios170-mobilevalidator_simulator__udid__453BD086-164E-4ACD-8247-83F49A0AF1AE }
		{ platform:iOS Simulator, arch:x86_64, id:453BD086-164E-4ACD-8247-83F49A0AF1AE, OS:17.0.1, name:iphone14-0-ios170-mobilevalidator_simulator__udid__453BD086-164E-4ACD-8247-83F49A0AF1AE }
		{ platform:iOS Simulator, arch:arm64, id:BAD3D3B0-F33F-4490-9E43-449163BBA714, OS:17.0.1, name:iphone14-0-ios170-mobilevalidator_simulator__udid__BAD3D3B0-F33F-4490-9E43-449163BBA714 }
		{ platform:iOS Simulator, arch:x86_64, id:BAD3D3B0-F33F-4490-9E43-449163BBA714, OS:17.0.1, name:iphone14-0-ios170-mobilevalidator_simulator__udid__BAD3D3B0-F33F-4490-9E43-449163BBA714 }
		{ platform:iOS Simulator, arch:arm64, id:40C5FB45-7B43-410C-A530-1DBBCD860DAE, OS:17.0.1, name:iphone15-0-au-ios170-mobilevalidator_simulator__udid__40C5FB45-7B43-410C-A530-1DBBCD860DAE }
		{ platform:iOS Simulator, arch:x86_64, id:40C5FB45-7B43-410C-A530-1DBBCD860DAE, OS:17.0.1, name:iphone15-0-au-ios170-mobilevalidator_simulator__udid__40C5FB45-7B43-410C-A530-1DBBCD860DAE }
		{ platform:iOS Simulator, arch:arm64, id:82FBF2E0-DCDA-46DD-9A61-3E0A1DF32C6B, OS:17.0.1, name:iphone15-0-de-ios170-mobilevalidator_simulator__udid__82FBF2E0-DCDA-46DD-9A61-3E0A1DF32C6B }
		{ platform:iOS Simulator, arch:x86_64, id:82FBF2E0-DCDA-46DD-9A61-3E0A1DF32C6B, OS:17.0.1, name:iphone15-0-de-ios170-mobilevalidator_simulator__udid__82FBF2E0-DCDA-46DD-9A61-3E0A1DF32C6B }
		{ platform:iOS Simulator, arch:arm64, id:F653891C-0BE6-4FDF-882E-4904DA69B28E, OS:17.0.1, name:iphone15-0-hk-ios170-mobilevalidator_simulator__udid__F653891C-0BE6-4FDF-882E-4904DA69B28E }
		{ platform:iOS Simulator, arch:x86_64, id:F653891C-0BE6-4FDF-882E-4904DA69B28E, OS:17.0.1, name:iphone15-0-hk-ios170-mobilevalidator_simulator__udid__F653891C-0BE6-4FDF-882E-4904DA69B28E }
		{ platform:iOS Simulator, arch:arm64, id:8CE68C7D-C7D3-4EE1-94E8-D365F1411FA7, OS:17.0.1, name:iphone15-0-ios170-mobilevalidator_simulator__udid__8CE68C7D-C7D3-4EE1-94E8-D365F1411FA7 }
		{ platform:iOS Simulator, arch:x86_64, id:8CE68C7D-C7D3-4EE1-94E8-D365F1411FA7, OS:17.0.1, name:iphone15-0-ios170-mobilevalidator_simulator__udid__8CE68C7D-C7D3-4EE1-94E8-D365F1411FA7 }
		{ platform:iOS Simulator, arch:arm64, id:20DAF98E-E44D-4159-8A2F-567560C728D6, OS:17.0.1, name:iphone15-0-it-ios170-mobilevalidator_simulator__udid__20DAF98E-E44D-4159-8A2F-567560C728D6 }
		{ platform:iOS Simulator, arch:x86_64, id:20DAF98E-E44D-4159-8A2F-567560C728D6, OS:17.0.1, name:iphone15-0-it-ios170-mobilevalidator_simulator__udid__20DAF98E-E44D-4159-8A2F-567560C728D6 }
		{ platform:iOS Simulator, arch:arm64, id:93F08921-337F-4F8F-A140-E7DB7C4074DA, OS:17.0.1, name:iphone15-0-kr-ios170-mobilevalidator_simulator__udid__93F08921-337F-4F8F-A140-E7DB7C4074DA }
		{ platform:iOS Simulator, arch:x86_64, id:93F08921-337F-4F8F-A140-E7DB7C4074DA, OS:17.0.1, name:iphone15-0-kr-ios170-mobilevalidator_simulator__udid__93F08921-337F-4F8F-A140-E7DB7C4074DA }
		{ platform:iOS Simulator, arch:arm64, id:B3CCE250-E8A0-45AC-B4A7-EF7FBDCB0875, OS:17.0.1, name:iphone15-0-my-ios170-mobilevalidator_simulator__udid__B3CCE250-E8A0-45AC-B4A7-EF7FBDCB0875 }
		{ platform:iOS Simulator, arch:x86_64, id:B3CCE250-E8A0-45AC-B4A7-EF7FBDCB0875, OS:17.0.1, name:iphone15-0-my-ios170-mobilevalidator_simulator__udid__B3CCE250-E8A0-45AC-B4A7-EF7FBDCB0875 }
		{ platform:iOS Simulator, arch:arm64, id:DE21AB08-AD70-4538-B3C4-1DD492BF557A, OS:17.0.1, name:iphone15-0-tw-ios170-mobilevalidator_simulator__udid__DE21AB08-AD70-4538-B3C4-1DD492BF557A }
		{ platform:iOS Simulator, arch:x86_64, id:DE21AB08-AD70-4538-B3C4-1DD492BF557A, OS:17.0.1, name:iphone15-0-tw-ios170-mobilevalidator_simulator__udid__DE21AB08-AD70-4538-B3C4-1DD492BF557A }
		{ platform:iOS Simulator, arch:arm64, id:3C9B978C-678E-42F7-BC70-ED5DBD108945, OS:17.0.1, name:iphone15-0-us-ios170-mobilevalidator_simulator__udid__3C9B978C-678E-42F7-BC70-ED5DBD108945 }
		{ platform:iOS Simulator, arch:x86_64, id:3C9B978C-678E-42F7-BC70-ED5DBD108945, OS:17.0.1, name:iphone15-0-us-ios170-mobilevalidator_simulator__udid__3C9B978C-678E-42F7-BC70-ED5DBD108945 }
		{ platform:iOS Simulator, arch:arm64, id:2B002925-3B66-4721-9953-3C2210358E86, OS:17.0.1, name:iphone15-1-cn-ios170-mobilevalidator_simulator__udid__2B002925-3B66-4721-9953-3C2210358E86 }
		{ platform:iOS Simulator, arch:x86_64, id:2B002925-3B66-4721-9953-3C2210358E86, OS:17.0.1, name:iphone15-1-cn-ios170-mobilevalidator_simulator__udid__2B002925-3B66-4721-9953-3C2210358E86 }
		{ platform:iOS Simulator, arch:arm64, id:31F03022-580E-48A7-B609-46EB38CF74BC, OS:17.0.1, name:iphone15-1-es-ios170-mobilevalidator_simulator__udid__31F03022-580E-48A7-B609-46EB38CF74BC }
		{ platform:iOS Simulator, arch:x86_64, id:31F03022-580E-48A7-B609-46EB38CF74BC, OS:17.0.1, name:iphone15-1-es-ios170-mobilevalidator_simulator__udid__31F03022-580E-48A7-B609-46EB38CF74BC }
		{ platform:iOS Simulator, arch:arm64, id:7A8A521C-66DE-4E5A-A089-D66B3788A3A0, OS:17.0.1, name:iphone15-1-us_gr-1-ios170-mobilevalidator_simulator__udid__7A8A521C-66DE-4E5A-A089-D66B3788A3A0 }
		{ platform:iOS Simulator, arch:x86_64, id:7A8A521C-66DE-4E5A-A089-D66B3788A3A0, OS:17.0.1, name:iphone15-1-us_gr-1-ios170-mobilevalidator_simulator__udid__7A8A521C-66DE-4E5A-A089-D66B3788A3A0 }
		{ platform:iOS Simulator, arch:arm64, id:0EBF22E2-41C8-4750-8FDF-760B33F429FF, OS:17.0.1, name:iphone15-2-my-ios170-mobilevalidator_simulator__udid__0EBF22E2-41C8-4750-8FDF-760B33F429FF }
		{ platform:iOS Simulator, arch:x86_64, id:0EBF22E2-41C8-4750-8FDF-760B33F429FF, OS:17.0.1, name:iphone15-2-my-ios170-mobilevalidator_simulator__udid__0EBF22E2-41C8-4750-8FDF-760B33F429FF }
		{ platform:iOS Simulator, arch:arm64, id:214C7B76-FC6B-46E2-A179-F56D2BB1F363, OS:17.0.1, name:iphone15-2-nl-ios170-mobilevalidator_simulator__udid__214C7B76-FC6B-46E2-A179-F56D2BB1F363 }
		{ platform:iOS Simulator, arch:x86_64, id:214C7B76-FC6B-46E2-A179-F56D2BB1F363, OS:17.0.1, name:iphone15-2-nl-ios170-mobilevalidator_simulator__udid__214C7B76-FC6B-46E2-A179-F56D2BB1F363 }
		{ platform:iOS Simulator, arch:arm64, id:14C5C429-5588-43E5-8E80-2F4CEF5CCD92, OS:17.0.1, name:iphone15-2-se-ios170-mobilevalidator_simulator__udid__14C5C429-5588-43E5-8E80-2F4CEF5CCD92 }
		{ platform:iOS Simulator, arch:x86_64, id:14C5C429-5588-43E5-8E80-2F4CEF5CCD92, OS:17.0.1, name:iphone15-2-se-ios170-mobilevalidator_simulator__udid__14C5C429-5588-43E5-8E80-2F4CEF5CCD92 }
		{ platform:iOS Simulator, arch:arm64, id:164E8F9A-50AD-457A-B5AE-7E83870AE1EA, OS:17.0.1, name:iphone15-3-se-ios170-mobilevalidator_simulator__udid__164E8F9A-50AD-457A-B5AE-7E83870AE1EA }
		{ platform:iOS Simulator, arch:x86_64, id:164E8F9A-50AD-457A-B5AE-7E83870AE1EA, OS:17.0.1, name:iphone15-3-se-ios170-mobilevalidator_simulator__udid__164E8F9A-50AD-457A-B5AE-7E83870AE1EA }
		{ platform:iOS Simulator, arch:arm64, id:A8BE71C8-6822-4B4D-8631-EBB289E3217C, OS:17.5, name:iphone15pro-0-sg-ios175-mobilevalidator_simulator__udid__A8BE71C8-6822-4B4D-8631-EBB289E3217C }
		{ platform:iOS Simulator, arch:x86_64, id:A8BE71C8-6822-4B4D-8631-EBB289E3217C, OS:17.5, name:iphone15pro-0-sg-ios175-mobilevalidator_simulator__udid__A8BE71C8-6822-4B4D-8631-EBB289E3217C }
		{ platform:iOS Simulator, arch:arm64, id:E3E5CA07-2DB1-4778-9F64-024722EFF9ED, OS:17.5, name:iphone15pro-1-kr-ios175-mobilevalidator_simulator__udid__E3E5CA07-2DB1-4778-9F64-024722EFF9ED }
		{ platform:iOS Simulator, arch:x86_64, id:E3E5CA07-2DB1-4778-9F64-024722EFF9ED, OS:17.5, name:iphone15pro-1-kr-ios175-mobilevalidator_simulator__udid__E3E5CA07-2DB1-4778-9F64-024722EFF9ED }
		{ platform:iOS Simulator, arch:arm64, id:FD57660B-3101-4A4E-8241-B74F969A1003, OS:17.5, name:iphone15pro-2-tw-ios175-mobilevalidator_simulator__udid__FD57660B-3101-4A4E-8241-B74F969A1003 }
		{ platform:iOS Simulator, arch:x86_64, id:FD57660B-3101-4A4E-8241-B74F969A1003, OS:17.5, name:iphone15pro-2-tw-ios175-mobilevalidator_simulator__udid__FD57660B-3101-4A4E-8241-B74F969A1003 }
		{ platform:iOS Simulator, arch:arm64, id:B15E00EA-B076-4490-BB06-A3696A514FD7, OS:17.0.1, name:iphone15pro-italy-ios170-mobilevalidator_simulator__udid__B15E00EA-B076-4490-BB06-A3696A514FD7 }
		{ platform:iOS Simulator, arch:x86_64, id:B15E00EA-B076-4490-BB06-A3696A514FD7, OS:17.0.1, name:iphone15pro-italy-ios170-mobilevalidator_simulator__udid__B15E00EA-B076-4490-BB06-A3696A514FD7 }
		{ platform:iOS Simulator, arch:arm64, id:A8CA7F0F-1B24-4ED0-96C1-7F40471AAEAA, OS:17.0.1, name:iphone15promax-0-hk-ios170-mobilevalidator_simulator__udid__A8CA7F0F-1B24-4ED0-96C1-7F40471AAEAA }
		{ platform:iOS Simulator, arch:x86_64, id:A8CA7F0F-1B24-4ED0-96C1-7F40471AAEAA, OS:17.0.1, name:iphone15promax-0-hk-ios170-mobilevalidator_simulator__udid__A8CA7F0F-1B24-4ED0-96C1-7F40471AAEAA }
		{ platform:iOS Simulator, arch:arm64, id:31B65F20-5474-4CF2-AAE1-B22429715B03, OS:17.0.1, name:iphone15promax-0-it-ios170-mobilevalidator_simulator__udid__31B65F20-5474-4CF2-AAE1-B22429715B03 }
		{ platform:iOS Simulator, arch:x86_64, id:31B65F20-5474-4CF2-AAE1-B22429715B03, OS:17.0.1, name:iphone15promax-0-it-ios170-mobilevalidator_simulator__udid__31B65F20-5474-4CF2-AAE1-B22429715B03 }
		{ platform:iOS Simulator, arch:arm64, id:3D8D27C2-0362-43D9-8A8A-B48EB31E1078, OS:17.0.1, name:iphone15promax-0-sg-ios170-mobilevalidator_simulator__udid__3D8D27C2-0362-43D9-8A8A-B48EB31E1078 }
		{ platform:iOS Simulator, arch:x86_64, id:3D8D27C2-0362-43D9-8A8A-B48EB31E1078, OS:17.0.1, name:iphone15promax-0-sg-ios170-mobilevalidator_simulator__udid__3D8D27C2-0362-43D9-8A8A-B48EB31E1078 }
		{ platform:iOS Simulator, arch:arm64, id:FA97610A-676F-4EEA-82F7-8A67920A02A1, OS:17.0.1, name:iphone15promax-1-kr-ios170-mobilevalidator_simulator__udid__FA97610A-676F-4EEA-82F7-8A67920A02A1 }
		{ platform:iOS Simulator, arch:x86_64, id:FA97610A-676F-4EEA-82F7-8A67920A02A1, OS:17.0.1, name:iphone15promax-1-kr-ios170-mobilevalidator_simulator__udid__FA97610A-676F-4EEA-82F7-8A67920A02A1 }
		{ platform:iOS Simulator, arch:arm64, id:7042F82B-0684-4DB1-82C6-29EF38DAD1EE, OS:17.0.1, name:iphone15promax-1-th.en-ios170-mobilevalidator_simulator__udid__7042F82B-0684-4DB1-82C6-29EF38DAD1EE }
		{ platform:iOS Simulator, arch:x86_64, id:7042F82B-0684-4DB1-82C6-29EF38DAD1EE, OS:17.0.1, name:iphone15promax-1-th.en-ios170-mobilevalidator_simulator__udid__7042F82B-0684-4DB1-82C6-29EF38DAD1EE }
		{ platform:iOS Simulator, arch:arm64, id:B82EC1F9-9390-4543-B369-B0163D3760AD, OS:17.0.1, name:iphone15promax-2-my-ios170-mobilevalidator_simulator__udid__B82EC1F9-9390-4543-B369-B0163D3760AD }
		{ platform:iOS Simulator, arch:x86_64, id:B82EC1F9-9390-4543-B369-B0163D3760AD, OS:17.0.1, name:iphone15promax-2-my-ios170-mobilevalidator_simulator__udid__B82EC1F9-9390-4543-B369-B0163D3760AD }
		{ platform:iOS Simulator, arch:arm64, id:8F31DDB5-E3F1-4718-8722-344AEC08B2F7, OS:17.0.1, name:iphone15promax-2-tw-ios170-mobilevalidator_simulator__udid__8F31DDB5-E3F1-4718-8722-344AEC08B2F7 }
		{ platform:iOS Simulator, arch:x86_64, id:8F31DDB5-E3F1-4718-8722-344AEC08B2F7, OS:17.0.1, name:iphone15promax-2-tw-ios170-mobilevalidator_simulator__udid__8F31DDB5-E3F1-4718-8722-344AEC08B2F7 }
		{ platform:iOS Simulator, arch:arm64, id:EC473443-B340-4C6A-9538-1A1B8A3E3C8A, OS:18.5, name:test }
		{ platform:iOS Simulator, arch:x86_64, id:EC473443-B340-4C6A-9538-1A1B8A3E3C8A, OS:18.5, name:test }
